// Jest Snapshot v1, https://goo.gl/fbAQLP

exports[`Avatar should render a Avatar 1`] = `
.c0 {
  width: 40px;
  height: 40px;
  border-radius: 99999px;
}

<img
  className="c0"
/>
`;
