// Jest Snapshot v1, https://goo.gl/fbAQLP

exports[`ButtonGroup should render a ButtonGroup 1`] = `
.c0 {
  display: -webkit-box;
  display: -webkit-flex;
  display: -ms-flexbox;
  display: flex;
  -webkit-flex-direction: row;
  -ms-flex-direction: row;
  flex-direction: row;
}

.c0 > button {
  margin: 0;
}

<div
  className="c0"
/>
`;
