// Jest Snapshot v1, https://goo.gl/fbAQLP

exports[`Card should render a Card 1`] = `
.c0 {
  display: -webkit-box;
  display: -webkit-flex;
  display: -ms-flexbox;
  display: flex;
  -webkit-flex-direction: column;
  -ms-flex-direction: column;
  flex-direction: column;
  overflow: hidden;
  width: 300px;
  border-radius: 4px;
  box-shadow: inset 0 0 0px 0px #dee1e3,0 0 14px #dee1e3;
}

<div
  className="c0"
/>
`;
