// Jest Snapshot v1, https://goo.gl/fbAQLP

exports[`Container should render a Container 1`] = `
.c0 {
  padding-left: 3px;
  padding-right: 3px;
  margin-left: auto;
  margin-right: auto;
  max-width: 1024px;
}

<div
  className="c0"
/>
`;
