// Jest Snapshot v1, https://goo.gl/fbAQLP

exports[`Divider should render a Divider 1`] = `
.c0 {
  border: 0;
  border-bottom-width: 1px;
  border-bottom-style: solid;
  border-bottom-color: #C0C0C0;
}

<hr
  className="c0"
/>
`;
