// Jest Snapshot v1, https://goo.gl/fbAQLP

exports[`Fixed should render a Fixed 1`] = `
.c0 {
  position: fixed;
}

<div
  className="c0"
/>
`;
