// Jest Snapshot v1, https://goo.gl/fbAQLP

exports[`Heading1 should match snapshot 1`] = `
<h1
  className="sc-bdVaJa gRTzbq"
/>
`;
