// Jest Snapshot v1, https://goo.gl/fbAQLP

exports[`Heading3 should match snapshot 1`] = `
.dcIYOo {
  font-size: 29px;
  font-weight: 900;
  line-height: 450;
  color: rgba(255, 255, 255, 0.54);
}

<h3
  className="sc-bdVaJa dcIYOo"
/>
`;
