// Jest Snapshot v1, https://goo.gl/fbAQLP

exports[`Heading4 should match snapshot 1`] = `
<h4
  className="sc-bdVaJa dcIYOo"
/>
`;
