// Jest Snapshot v1, https://goo.gl/fbAQLP

exports[`Heading2 should match snapshot 1`] = `
<h2
  className="sc-bdVaJa laixKo"
/>
`;
