// Jest Snapshot v1, https://goo.gl/fbAQLP

exports[`Heading5 should match snapshot 1`] = `
.bhzmJR {
  font-size: 29px;
  font-weight: 900;
  line-height: 450;
  color: rgba(255, 255, 255, 0.54);
}

<h5
  className="sc-bdVaJa bhzmJR"
/>
`;
