// Jest Snapshot v1, https://goo.gl/fbAQLP

exports[`InlineText should render a InlineText 1`] = `
.c0 {
  padding-bottom: 5px;
  font-weight: 400;
  background: transparent;
  color: #4c4c4c;
  opacity: 1;
}

<span
  className="c0"
/>
`;
