// Jest Snapshot v1, https://goo.gl/fbAQLP

exports[`Label should render a Label 1`] = `
.c0 {
  border-radius: 3px;
  padding: 0.25em 1em;
  margin: 0 1em;
  background: transparent color:#4c4c4c;
  opacity: 1;
}

<label
  className="c0"
/>
`;
