// Jest Snapshot v1, https://goo.gl/fbAQLP

exports[`List should render a List 1`] = `
.c0 {
  margin: 0 1em;
  background: #ffffff;
  color: #4c4c4c;
}

<ul
  className="c0"
/>
`;
