// Jest Snapshot v1, https://goo.gl/fbAQLP

exports[`PanelBody should render a PanelBody 1`] = `
.c0 {
  font-size: 16px;
  text-indent: 20px;
  padding: 18px;
  border-left: 1px solid blue;
  border-right: 1px solid blue;
}

<div
  className="c0"
/>
`;
