// Jest Snapshot v1, https://goo.gl/fbAQLP

exports[`Radio should be primary by default 1`] = `
.c0 {
  display: -webkit-box;
  display: -webkit-flex;
  display: -ms-flexbox;
  display: flex;
  -webkit-flex-direction: column;
  -ms-flex-direction: column;
  flex-direction: column;
  padding: 0.5em;
}

.c0 * {
  box-sizing: border-box;
  -webkit-user-select: none;
  -moz-user-select: none;
  -ms-user-select: none;
  user-select: none;
}

.c0 > input[type=radio] {
  visibility: hidden;
}

.c0 > input[type=radio] + label {
  position: relative;
  display: -webkit-box;
  display: -webkit-flex;
  display: -ms-flexbox;
  display: flex;
  margin: .6em 0;
  -webkit-align-items: center;
  -webkit-box-align: center;
  -ms-flex-align: center;
  align-items: center;
  color: transparent;
  -webkit-transition: color 250ms cubic-bezier(.4,.0,.23,1);
  transition: color 250ms cubic-bezier(.4,.0,.23,1);
}

.c0 > input[type=radio] + label > span {
  display: -webkit-box;
  display: -webkit-flex;
  display: -ms-flexbox;
  display: flex;
  -webkit-box-pack: center;
  -webkit-justify-content: center;
  -ms-flex-pack: center;
  justify-content: center;
  -webkit-align-items: center;
  -webkit-box-align: center;
  -ms-flex-align: center;
  align-items: center;
  margin-right: 1em;
  width: 20px;
  height: 20px;
  background: transparent;
  border: 2px solid #bababa;
  border-radius: 20px;
  cursor: pointer;
  -webkit-transition: all 250ms cubic-bezier(.4,.0,.23,1);
  transition: all 250ms cubic-bezier(.4,.0,.23,1);
}

.c0 > input[type=radio] + label:hover > span,
.c0 input[type=radio]:focus + label > span {
  background: rgba(255,255,255,.1);
}

.c0 > input[type=radio]:checked + label > span {
  border-color: #1a5a99;
  border-style: solid;
  border-width: 6px;
  -webkit-animation: bzWxaV 300ms cubic-bezier(.4,.0,.23,1);
  animation: bzWxaV 300ms cubic-bezier(.4,.0,.23,1);
  box-shadow: inset 0 0 0 .4em white,0 0 0 .3em;
  -webkit-animation-iteration-count: 1;
  animation-iteration-count: 1;
}

<div
  className="c0"
>
  <input
    id="id"
    primary={true}
    theme={
      Object {
        "dimensions": Object {
          "height": Object {
            "large": "40px",
            "medium": "30px",
            "small": "20px",
          },
          "icon": Object {
            "large": "24px",
            "medium": "16px",
            "small": "8px",
          },
        },
        "font": Object {
          "family": "Roboto, sans-serif",
          "lineHeight": "18px",
          "size": "16px",
          "weight": 200,
        },
        "h1": Object {
          "fontSize": "28px",
          "fontWeight": 600,
          "lineHeight": "30px",
        },
        "h2": Object {
          "fontSize": "24px",
          "fontWeight": 400,
          "lineHeight": "28px",
        },
        "h3": Object {
          "fontSize": "20px",
          "fontWeight": 300,
          "lineHeight": "24px",
        },
        "h4": Object {
          "fontSize": "18px",
          "fontWeight": 300,
          "lineHeight": "20px",
        },
        "h5": Object {
          "fontSize": "14px",
          "fontWeight": 300,
          "lineHeight": "16px",
        },
        "h6": Object {
          "fontSize": "12px",
          "fontWeight": 300,
          "lineHeight": "14px",
        },
        "media": Object {
          "lg": "(min-width: 1280px)",
          "md": "(min-width: 980px)",
          "sm": "(min-width: 736px)",
          "xl": "(min-width: 1690px)",
          "xs": "(min-width: 480px)",
        },
        "palette": Object {
          "default": "#ffffff",
          "defaultBorder": "#bababa",
          "defaultDisabled": "#ededed",
          "defaultHover": "#f5f7f7",
          "defaultSelected": "#ededed",
          "defaultText": "#4c4c4c",
          "defaultTextDisabled": "#cecece",
          "disabled": "lightgray",
          "primary": "#1a5a99",
          "primaryBorder": "#bababa",
          "primaryDisabled": "#9ebbd7",
          "primaryHover": "#164872",
          "primarySelected": "#d8d8d8",
          "primaryText": "#ffffff",
          "primaryTextDisabled": "#c6d8e7",
          "secondary": "#5dcebb",
          "secondaryBorder": "#bababa",
          "secondaryDisabled": "#9ad1ec",
          "secondaryHover": "#217bad",
          "secondarySelected": "#bababa",
          "secondaryText": "#195382",
          "secondaryTextDisabled": "#cae5f4",
          "shadow": "black",
        },
        "radius": "3px",
        "spacing": Object {
          "borderSize": 1,
          "margin": "8px",
          "padding": Object {
            "bottom": "8px",
            "default": "8px",
            "left": "10px",
            "leftRight": "15px",
            "right": "10px",
            "top": "8px",
            "topBottom": "10px",
          },
          "shadowSize": 1,
        },
        "transitions": Object {
          "ease": ".25,.1,.25,1",
          "easeIn": ".42,0,1,1",
          "easeInOut": ".42,0,.58,1",
          "easeOut": "0,0,.58,1",
          "linear": "0,0,1,1",
        },
      }
    }
    type="radio"
  />
  <label
    htmlFor="id"
  >
    <span />
  </label>
</div>
`;

exports[`Radio should render a Radio 1`] = `
.c0 {
  display: -webkit-box;
  display: -webkit-flex;
  display: -ms-flexbox;
  display: flex;
  -webkit-flex-direction: column;
  -ms-flex-direction: column;
  flex-direction: column;
  padding: 0.5em;
}

.c0 * {
  box-sizing: border-box;
  -webkit-user-select: none;
  -moz-user-select: none;
  -ms-user-select: none;
  user-select: none;
}

.c0 > input[type=radio] {
  visibility: hidden;
}

.c0 > input[type=radio] + label {
  position: relative;
  display: -webkit-box;
  display: -webkit-flex;
  display: -ms-flexbox;
  display: flex;
  margin: .6em 0;
  -webkit-align-items: center;
  -webkit-box-align: center;
  -ms-flex-align: center;
  align-items: center;
  color: transparent;
  -webkit-transition: color 250ms cubic-bezier(.4,.0,.23,1);
  transition: color 250ms cubic-bezier(.4,.0,.23,1);
}

.c0 > input[type=radio] + label > span {
  display: -webkit-box;
  display: -webkit-flex;
  display: -ms-flexbox;
  display: flex;
  -webkit-box-pack: center;
  -webkit-justify-content: center;
  -ms-flex-pack: center;
  justify-content: center;
  -webkit-align-items: center;
  -webkit-box-align: center;
  -ms-flex-align: center;
  align-items: center;
  margin-right: 1em;
  width: 20px;
  height: 20px;
  background: transparent;
  border: 2px solid #bababa;
  border-radius: 20px;
  cursor: pointer;
  -webkit-transition: all 250ms cubic-bezier(.4,.0,.23,1);
  transition: all 250ms cubic-bezier(.4,.0,.23,1);
}

.c0 > input[type=radio] + label:hover > span,
.c0 input[type=radio]:focus + label > span {
  background: rgba(255,255,255,.1);
}

.c0 > input[type=radio]:checked + label > span {
  border-color: #1a5a99;
  border-style: solid;
  border-width: 6px;
  -webkit-animation: bzWxaV 300ms cubic-bezier(.4,.0,.23,1);
  animation: bzWxaV 300ms cubic-bezier(.4,.0,.23,1);
  box-shadow: inset 0 0 0 .4em white,0 0 0 .3em;
  -webkit-animation-iteration-count: 1;
  animation-iteration-count: 1;
}

<div
  className="c0"
>
  <input
    id="id"
    primary={true}
    theme={
      Object {
        "dimensions": Object {
          "height": Object {
            "large": "40px",
            "medium": "30px",
            "small": "20px",
          },
          "icon": Object {
            "large": "24px",
            "medium": "16px",
            "small": "8px",
          },
        },
        "font": Object {
          "family": "Roboto, sans-serif",
          "lineHeight": "18px",
          "size": "16px",
          "weight": 200,
        },
        "h1": Object {
          "fontSize": "28px",
          "fontWeight": 600,
          "lineHeight": "30px",
        },
        "h2": Object {
          "fontSize": "24px",
          "fontWeight": 400,
          "lineHeight": "28px",
        },
        "h3": Object {
          "fontSize": "20px",
          "fontWeight": 300,
          "lineHeight": "24px",
        },
        "h4": Object {
          "fontSize": "18px",
          "fontWeight": 300,
          "lineHeight": "20px",
        },
        "h5": Object {
          "fontSize": "14px",
          "fontWeight": 300,
          "lineHeight": "16px",
        },
        "h6": Object {
          "fontSize": "12px",
          "fontWeight": 300,
          "lineHeight": "14px",
        },
        "media": Object {
          "lg": "(min-width: 1280px)",
          "md": "(min-width: 980px)",
          "sm": "(min-width: 736px)",
          "xl": "(min-width: 1690px)",
          "xs": "(min-width: 480px)",
        },
        "palette": Object {
          "default": "#ffffff",
          "defaultBorder": "#bababa",
          "defaultDisabled": "#ededed",
          "defaultHover": "#f5f7f7",
          "defaultSelected": "#ededed",
          "defaultText": "#4c4c4c",
          "defaultTextDisabled": "#cecece",
          "disabled": "lightgray",
          "primary": "#1a5a99",
          "primaryBorder": "#bababa",
          "primaryDisabled": "#9ebbd7",
          "primaryHover": "#164872",
          "primarySelected": "#d8d8d8",
          "primaryText": "#ffffff",
          "primaryTextDisabled": "#c6d8e7",
          "secondary": "#5dcebb",
          "secondaryBorder": "#bababa",
          "secondaryDisabled": "#9ad1ec",
          "secondaryHover": "#217bad",
          "secondarySelected": "#bababa",
          "secondaryText": "#195382",
          "secondaryTextDisabled": "#cae5f4",
          "shadow": "black",
        },
        "radius": "3px",
        "spacing": Object {
          "borderSize": 1,
          "margin": "8px",
          "padding": Object {
            "bottom": "8px",
            "default": "8px",
            "left": "10px",
            "leftRight": "15px",
            "right": "10px",
            "top": "8px",
            "topBottom": "10px",
          },
          "shadowSize": 1,
        },
        "transitions": Object {
          "ease": ".25,.1,.25,1",
          "easeIn": ".42,0,1,1",
          "easeInOut": ".42,0,.58,1",
          "easeOut": "0,0,.58,1",
          "linear": "0,0,1,1",
        },
      }
    }
    type="radio"
  />
  <label
    htmlFor="id"
  >
    <span />
  </label>
</div>
`;
