// Jest Snapshot v1, https://goo.gl/fbAQLP

exports[`Relative should render a Relative 1`] = `
.c0 {
  position: relative;
}

<div
  className="c0"
/>
`;
