// Jest Snapshot v1, https://goo.gl/fbAQLP

exports[`Truncate should render a Truncate 1`] = `
.c0 {
  font-size: 16px;
  font-family: Roboto,sans-serif;
  font-weight: 200;
  line-height: 18px;
  color: #4c4c4c;
  margin: 0;
  overflow: hidden;
  white-space: nowrap;
  text-overflow: ellipsis;
}

<p
  className="c0"
/>
`;
